<html>
<body>
<pre>
<h1>µVision Build Log</h1>
<h2>Project:</h2>
D:\p free rtos\RFID\RFID.uvproj
Project File Date:  02/04/2016

<h2>Output:</h2>
Build target 'Target 1'
assembling Startup.s...
linking...
RFID.axf: Warning: L6665W: Neither Lib$$Request$$armlib Lib$$Request$$cpplib defined, not searching ARM libraries.
RFID.axf: Error: L6411E: No compatible library exists with a definition of startup symbol __main.
Target not created
compiling rfid.c...
rfid.c(19): error:  #20: identifier "temp" is undefined
rfid.c(23): error:  #18: expected a ")"
rfid.c(24): error:  #127: expected a statement
rfid.c(26): warning:  #1-D: last line of file ends without a newline
rfid.c(11): warning:  #177-D: variable "tem" was declared but never referenced
rfid.c(26): error: At end of source:  #67: expected a "}"
rfid.c - 4 Error(s), 2 Warning(s).
Build target 'Target 1'
compiling rfid.c...
rfid.c(19): error:  #20: identifier "temp" is undefined
rfid.c(23): error:  #18: expected a ")"
rfid.c(24): error:  #127: expected a statement
rfid.c(26): warning:  #1-D: last line of file ends without a newline
rfid.c(11): warning:  #177-D: variable "tem" was declared but never referenced
rfid.c(26): error: At end of source:  #67: expected a "}"
Target not created
Rebuild target 'Target 1'
assembling Startup.s...
compiling rfid.c...
rfid.c(19): error:  #20: identifier "temp" is undefined
rfid.c(23): error:  #18: expected a ")"
rfid.c(24): error:  #127: expected a statement
rfid.c(26): warning:  #1-D: last line of file ends without a newline
rfid.c(11): warning:  #177-D: variable "tem" was declared but never referenced
rfid.c(26): error: At end of source:  #67: expected a "}"
Target not created
compiling rfid.c...
rfid.c(27): warning:  #1-D: last line of file ends without a newline
rfid.c - 0 Error(s), 1 Warning(s).
Build target 'Target 1'
compiling rfid.c...
linking...
Program Size: Code=944 RO-data=16 RW-data=0 ZI-data=1256  
FromELF: creating hex file...
"RFID.axf" - 0 Error(s), 0 Warning(s).
Rebuild target 'Target 1'
assembling Startup.s...
compiling rfid.c...
linking...
Program Size: Code=944 RO-data=16 RW-data=0 ZI-data=1256  
FromELF: creating hex file...
"RFID.axf" - 0 Error(s), 0 Warning(s).
